exports[`test renders without crashing 1`] = `
<cl
  changeFilter={[Function]}
  changeSort={[Function]}
  current_filters={Object {}}
  list={
    Array [
      Object {
        "account_num": "4041234",
        "address": "10 Leeton Ridge Ave. ",
        "area": "494",
        "city": "Wisconsin Rapids",
        "id": 1,
        "name": "L\'Oréal",
        "phone": "487-8119",
        "sales_rep": 3,
        "state": "WI",
        "zip": "54494",
      },
      Object {
        "account_num": "4130144",
        "address": "121 NW. Indian Spring Street ",
        "area": "664",
        "city": "Lebanon",
        "id": 2,
        "name": "Adobe Systems",
        "phone": "810-1662",
        "sales_rep": 7,
        "state": "PA",
        "zip": "17042",
      },
      Object {
        "account_num": "9842555",
        "address": "164 Depot Ave. ",
        "area": "440",
        "city": "North Ridgeville",
        "id": 3,
        "name": "Allianz",
        "phone": "215-4916",
        "sales_rep": 9,
        "state": "OH",
        "zip": "44039",
      },
      Object {
        "account_num": "1028587",
        "address": "2 Kirkland St. ",
        "area": "601",
        "city": "Matawan",
        "id": 4,
        "name": "Amazon.com",
        "phone": "777-4414",
        "sales_rep": 4,
        "state": "NJ",
        "zip": "7747",
      },
      Object {
        "account_num": "8652533",
        "address": "204 East Ryan St. ",
        "area": "517",
        "city": "Braintree",
        "id": 5,
        "name": "American Express",
        "phone": "185-6539",
        "sales_rep": 10,
        "state": "MA",
        "zip": "2184",
      },
    ]
  }
  selected_id={4}
  setSelected={[Function]}
  sort_direction="DESC"
  sort_field="address"
  store={
    Object {
      "dispatch": [Function],
      "getState": [Function],
      "replaceReducer": [Function],
      "subscribe": [Function],
    }
  } />
`;
