exports[`test renders without crashing 1`] = `
<div
  className="Menu">
  <h2>
    M E N U
  </h2>
  <ul
    className="menu-group">
    <li
      className="sub-menu">
      Main Activity
    </li>
    <li
      className="menu-item">
      <Link
        activeClassName="active-link"
        className="link-item"
        onlyActiveOnIndex={false}
        style={Object {}}
        to="/customers">
        Customers
      </Link>
    </li>
    <li
      className="menu-item">
      <Link
        activeClassName="active-link"
        className="link-item"
        onlyActiveOnIndex={false}
        style={Object {}}
        to="/orders">
        Orders
      </Link>
    </li>
    <li
      className="menu-item">
      <Link
        activeClassName="active-link"
        className="link-item"
        onlyActiveOnIndex={false}
        style={Object {}}
        to="/order_lines">
        Order Lines
      </Link>
    </li>
    <li
      className="sub-menu">
      Supporting Files
    </li>
    <li
      className="menu-item">
      <Link
        activeClassName="active-link"
        className="link-item"
        onlyActiveOnIndex={false}
        style={Object {}}
        to="/ad_types">
        AdTypes
      </Link>
    </li>
    <li
      className="menu-item">
      <Link
        activeClassName="active-link"
        className="link-item"
        onlyActiveOnIndex={false}
        style={Object {}}
        to="/categories">
        Categories
      </Link>
    </li>
    <li
      className="menu-item">
      <Link
        activeClassName="active-link"
        className="link-item"
        onlyActiveOnIndex={false}
        style={Object {}}
        to="/compensation_plans">
        Compensation Plans
      </Link>
    </li>
    <li
      className="menu-item">
      <Link
        activeClassName="active-link"
        className="link-item"
        onlyActiveOnIndex={false}
        style={Object {}}
        to="/fields">
        Data Fields (Ads)
      </Link>
    </li>
    <li
      className="menu-item">
      <Link
        activeClassName="active-link"
        className="link-item"
        onlyActiveOnIndex={false}
        style={Object {}}
        to="/findinglines">
        Finding Lines
      </Link>
    </li>
    <li
      className="menu-item">
      <Link
        activeClassName="active-link"
        className="link-item"
        onlyActiveOnIndex={false}
        style={Object {}}
        to="/headings">
        Headings
      </Link>
    </li>
    <li
      className="menu-item">
      <Link
        activeClassName="active-link"
        className="link-item"
        onlyActiveOnIndex={false}
        style={Object {}}
        to="/localforeign">
        Local/Foreign
      </Link>
    </li>
    <li
      className="menu-item">
      <Link
        activeClassName="active-link"
        className="link-item"
        onlyActiveOnIndex={false}
        style={Object {}}
        to="/order_statuses">
        Order Statuses
      </Link>
    </li>
    <li
      className="menu-item">
      <Link
        activeClassName="active-link"
        className="link-item"
        onlyActiveOnIndex={false}
        style={Object {}}
        to="/page_types">
        Page Types
      </Link>
    </li>
    <li
      className="menu-item">
      <Link
        activeClassName="active-link"
        className="link-item"
        onlyActiveOnIndex={false}
        style={Object {}}
        to="/payplans">
        Pay Plans
      </Link>
    </li>
    <li
      className="menu-item">
      <Link
        activeClassName="active-link"
        className="link-item"
        onlyActiveOnIndex={false}
        style={Object {}}
        to="/permissions">
        Permissions
      </Link>
    </li>
    <li
      className="menu-item">
      <Link
        activeClassName="active-link"
        className="link-item"
        onlyActiveOnIndex={false}
        style={Object {}}
        to="/primary_books">
        Primary Books
      </Link>
    </li>
    <li
      className="menu-item">
      <Link
        activeClassName="active-link"
        className="link-item"
        onlyActiveOnIndex={false}
        style={Object {}}
        to="/sales_reps">
        Sales Reps
      </Link>
    </li>
    <li
      className="menu-item">
      <Link
        activeClassName="active-link"
        className="link-item"
        onlyActiveOnIndex={false}
        style={Object {}}
        to="/source_books">
        Source Books
      </Link>
    </li>
    <li
      className="menu-item">
      <Link
        activeClassName="active-link"
        className="link-item"
        onlyActiveOnIndex={false}
        style={Object {}}
        to="/udacs">
        Udacs
      </Link>
    </li>
  </ul>
</div>
`;
